// Jest Snapshot v1, https://goo.gl/fbAQLP

exports[`renders the UI as expected 1`] = `
<header
  className="Nav-Header"
>
  <div>
    <a
      className="LandingPageLink"
      href="/"
      onClick={[Function]}
    >
      Landing Page Link
    </a>
  </div>
  <div
    className="desktopMenu"
  >
    <div
      className="Header__logged-out"
    >
      <a
        className="login"
        href="/login"
        onClick={[Function]}
      >
        Login
      </a>
      <p />
      <a
        className="create-account"
        href="/create-account"
        onClick={[Function]}
      >
         
        Register
      </a>
      <p />
    </div>
  </div>
</header>
`;
