// Jest Snapshot v1, https://goo.gl/fbAQLP

exports[`renders the UI as expected 1`] = `
<div
  className="RecentResults"
>
  <section
    className="flex-container"
  />
</div>
`;
